uv : 
At line:1 char:1
+ uv run mkdocs build > build_output.txt 2>&1
+ ~~~~~~~~~~~~~~~~~~~~~~~~~~~~~~~~~~~~~~~~~~~
    + CategoryInfo          : NotSpecified: (:String) [], RemoteException
    + FullyQualifiedErrorId : NativeCommandError
 
 \u2502  \u26a0  Warning from the Material for MkDocs team
 \u2502
 \u2502  MkDocs 2.0, the underlying framework of Material for MkDocs,
 \u2502  will introduce backward-incompatible changes, including:
 \u2502
 \u2502  ╫ All plugins will stop working û the plugin system has been removed
 \u2502  ╫ All theme overrides will break û the theming system has been rewritten
 \u2502  ╫ No migration path exists û existing projects cannot be upgraded
 \u2502  ╫ Closed contribution model û community members can't report bugs
 \u2502  ╫ Currently unlicensed û unsuitable for production use
 \u2502
 \u2502  Our full analysis:
 \u2502
 \u2502  https://squidfunk.github.io/mkdocs-material/blog/2026/02/18/mkdocs-2.0/

WARNING -  Config value 'plugins': Plugin 'material/tags' option 'tags_file': The configuration option 'tags_file' has 
been deprecated and will be removed in a future release.
INFO    -  Cleaning site directory
INFO    -  Building documentation to directory: C:\Users\Veldrine\Projects\Isolated-Agents\site
WARNING -  Excluding 'README.md' from the site because it conflicts with 'index.md'.
INFO    -  The following pages exist in the docs directory, but are not included in the "nav" configuration:
  - IMPLEMENTATION_STATUS.md
  - PRODUCTION_READY_COMPLETE.md
WARNING -  Doc file 'ADAPTER_PATTERN_SUMMARY.md' contains a link '../isolated_agents_sdk/adapters/container/base.py', 
but the target is not found among documentation files.
WARNING -  Doc file 'ADAPTER_PATTERN_SUMMARY.md' contains a link '../isolated_agents_sdk/adapters/storage/base.py', 
but the target is not found among documentation files.
WARNING -  Doc file 'ADAPTER_PATTERN_SUMMARY.md' contains a link '../isolated_agents_sdk/adapters/audit/base.py', but 
the target is not found among documentation files.
WARNING -  Doc file 'ADAPTER_PATTERN_SUMMARY.md' contains a link '../isolated_agents_sdk/adapters/policy/base.py', but 
the target is not found among documentation files.
INFO    -  Doc file 'ADAPTER_PATTERN_SUMMARY.md' contains an unrecognized relative link '../examples/adapters/', it 
was left as is.
WARNING -  Doc file 'ADAPTER_PATTERN_SUMMARY.md' contains a link '../examples/adapters/basic_usage.py', but the target 
is not found among documentation files.
WARNING -  Doc file 'ADAPTER_PATTERN_SUMMARY.md' contains a link '../examples/adapters/README.md', but the target is 
not found among documentation files.
INFO    -  Doc file 'ADAPTER_PATTERN_SUMMARY.md' contains an unrecognized relative link '../examples/adapters/', it 
was left as is.
INFO    -  Doc file 'ADAPTER_PATTERN_SUMMARY.md' contains an unrecognized relative link 
'../isolated_agents_sdk/adapters/', it was left as is.
WARNING -  Doc file 'AGENT_COMMUNICATION.md' contains a link 'api/network-policy.md', but the target is not found 
among documentation files.
INFO    -  Doc file 'API_ADAPTER_SUPPORT.md' contains an unrecognized relative link '../examples/adapters/', it was 
left as is.
WARNING -  Doc file 'COMPLETE_IMPLEMENTATION_GUIDE.md' contains a link '../examples/ALL_EXAMPLES.md', but the target 
is not found among documentation files.
WARNING -  Doc file 'COMPLETE_IMPLEMENTATION_GUIDE.md' contains a link '../examples/README.md', but the target is not 
found among documentation files.
WARNING -  Doc file 'COMPLETE_IMPLEMENTATION_GUIDE.md' contains a link '../examples/ALL_EXAMPLES.md', but the target 
is not found among documentation files.
INFO    -  Doc file 'COMPLETE_IMPLEMENTATION_GUIDE.md' contains an unrecognized relative link '../examples/', it was 
left as is.
WARNING -  Doc file 'COMPLETE_IMPLEMENTATION_GUIDE.md' contains a link '../examples/README.md', but the target is not 
found among documentation files.
WARNING -  Doc file 'COMPLETE_IMPLEMENTATION_GUIDE.md' contains a link '../examples/ALL_EXAMPLES.md', but the target 
is not found among documentation files.
WARNING -  Doc file 'EXTENDING_ADAPTERS.md' contains a link '../isolated_agents_sdk/adapters/container/podman.py', but 
the target is not found among documentation files.
WARNING -  Doc file 'EXTENDING_ADAPTERS.md' contains a link '../isolated_agents_sdk/adapters/storage/local.py', but 
the target is not found among documentation files.
WARNING -  Doc file 'EXTENDING_ADAPTERS.md' contains a link '../isolated_agents_sdk/adapters/audit/file.py', but the 
target is not found among documentation files.
WARNING -  Doc file 'EXTENDING_ADAPTERS.md' contains a link '../isolated_agents_sdk/adapters/policy/default.py', but 
the target is not found among documentation files.
WARNING -  Doc file 'IMPLEMENTATION_STATUS.md' contains a link 'README.md', but the target is not found among 
documentation files.
WARNING -  Doc file 'IMPLEMENTATION_STATUS.md' contains a link '../mkdocs.yml', but the target is not found among 
documentation files.
WARNING -  Doc file 'IMPLEMENTATION_STATUS.md' contains a link '../.github/workflows/docs.yml', but the target is not 
found among documentation files.
WARNING -  Doc file 'IMPLEMENTATION_STATUS.md' contains a link '../examples/frameworks/langchain/basic_agent.py', but 
the target is not found among documentation files.
WARNING -  Doc file 'IMPLEMENTATION_STATUS.md' contains a link '../examples/frameworks/langchain/rag_agent.py', but 
the target is not found among documentation files.
WARNING -  Doc file 'IMPLEMENTATION_STATUS.md' contains a link '../examples/frameworks/crewai/basic_crew.py', but the 
target is not found among documentation files.
WARNING -  Doc file 'IMPLEMENTATION_STATUS.md' contains a link '../examples/advanced/long_running_data_processor.py', 
but the target is not found among documentation files.
WARNING -  Doc file 'IMPLEMENTATION_STATUS.md' contains a link '../examples/distributed/redis_pubsub_agents.py', but 
the target is not found among documentation files.
WARNING -  Doc file 'IMPLEMENTATION_STATUS.md' contains a link '../examples/distributed/rabbitmq_work_queue.py', but 
the target is not found among documentation files.
WARNING -  Doc file 'IMPLEMENTATION_STATUS.md' contains a link '../examples/distributed/README.md', but the target is 
not found among documentation files.
WARNING -  Doc file 'IMPLEMENTATION_STATUS.md' contains a link '../examples/README.md', but the target is not found 
among documentation files.
WARNING -  Doc file 'IMPLEMENTATION_STATUS.md' contains a link '../examples/ALL_EXAMPLES.md', but the target is not 
found among documentation files.
WARNING -  Doc file 'IMPLEMENTATION_STATUS.md' contains a link '../isolated_agents_sdk/adapters/__init__.py', but the 
target is not found among documentation files.
WARNING -  Doc file 'IMPLEMENTATION_STATUS.md' contains a link '../isolated_agents_sdk/adapters/base.py', but the 
target is not found among documentation files.
WARNING -  Doc file 'IMPLEMENTATION_STATUS.md' contains a link '../isolated_agents_sdk/adapters/exceptions.py', but 
the target is not found among documentation files.
WARNING -  Doc file 'IMPLEMENTATION_STATUS.md' contains a link 
'../isolated_agents_sdk/adapters/container/__init__.py', but the target is not found among documentation files.
WARNING -  Doc file 'IMPLEMENTATION_STATUS.md' contains a link '../isolated_agents_sdk/adapters/container/base.py', 
but the target is not found among documentation files.
WARNING -  Doc file 'IMPLEMENTATION_STATUS.md' contains a link '../isolated_agents_sdk/adapters/container/types.py', 
but the target is not found among documentation files.
WARNING -  Doc file 'IMPLEMENTATION_STATUS.md' contains a link '../isolated_agents_sdk/adapters/container/podman.py', 
but the target is not found among documentation files.
WARNING -  Doc file 'IMPLEMENTATION_STATUS.md' contains a link '../isolated_agents_sdk/adapters/factory.py', but the 
target is not found among documentation files.
WARNING -  Doc file 'IMPLEMENTATION_STATUS.md' contains a link '../examples/ALL_EXAMPLES.md', but the target is not 
found among documentation files.
WARNING -  Doc file 'IMPLEMENTATION_STATUS.md' contains a link '../examples/distributed/README.md', but the target is 
not found among documentation files.
WARNING -  Doc file 'LONG_RUNNING_AGENTS.md' contains a link 'api/session-manager.md', but the target is not found 
among documentation files.
WARNING -  Doc file 'LONG_RUNNING_AGENTS.md' contains a link 'api/policy.md', but the target is not found among 
documentation files.
WARNING -  Doc file 'LONG_RUNNING_AGENTS.md' contains a link 'examples/sub-agents.md', but the target is not found 
among documentation files.
INFO    -  Doc file 'MIGRATION_GUIDE.md' contains an unrecognized relative link '../examples/adapters/', it was left 
as is.
WARNING -  Doc file 'PRODUCTION_READY_COMPLETE.md' contains a link '../examples/adapters/README.md', but the target is 
not found among documentation files.
WARNING -  Doc file 'PRODUCTION_READY_COMPLETE.md' contains a link '../examples/adapters/basic_usage.py', but the 
target is not found among documentation files.
WARNING -  Doc file 'PRODUCTION_READY_COMPLETE.md' contains a link '../examples/adapters/api_usage.py', but the target 
is not found among documentation files.
WARNING -  Doc file 'PRODUCTION_READY_COMPLETE.md' contains a link '../examples/adapters/config.yaml', but the target 
is not found among documentation files.
WARNING -  Doc file 'PRODUCTION_READY_COMPLETE.md' contains a link '../tests/integration/test_adapter_integration.py', 
but the target is not found among documentation files.
WARNING -  Doc file 'PRODUCTION_READY_COMPLETE.md' contains a link '../tests/integration/README.md', but the target is 
not found among documentation files.
INFO    -  Documentation built in 20.41 seconds
